Traceback (most recent call last):
  File "/home/ubuntu/csle/simulation-system/libs/csle-system-identification/tests/conftest.py", line 1, in <module>
    import pytest
ModuleNotFoundError: No module named 'pytest'
